Check for spelling errors	Codespell	﻿2026-07-14T20:28:46.3085193Z ##[group]Run codespell-project/actions-codespell@8f01853be192eb0f849a5c7d721450e7a467c579
Check for spelling errors	Codespell	2026-07-14T20:28:46.3085664Z with:
Check for spelling errors	Codespell	2026-07-14T20:28:46.3085867Z   ignore_words_file: .codespellignore
Check for spelling errors	Codespell	2026-07-14T20:28:46.3086352Z   skip: ./.git
Check for spelling errors	Codespell	2026-07-14T20:28:46.3086538Z ##[endgroup]
Check for spelling errors	Codespell	2026-07-14T20:28:46.3183028Z ##[command]/usr/bin/docker run --name a508b45df9b639ab54a828498d6119b43d20d_5f2bed --label 2a508b --workdir /github/workspace --rm -e "INPUT_IGNORE_WORDS_FILE" -e "INPUT_BUILTIN" -e "INPUT_CHECK_FILENAMES" -e "INPUT_CHECK_HIDDEN" -e "INPUT_CONFIG" -e "INPUT_EXCLUDE_FILE" -e "INPUT_IGNORE_WORDS_LIST" -e "INPUT_URI_IGNORE_WORDS_LIST" -e "INPUT_PATH" -e "INPUT_SKIP" -e "INPUT_ONLY_WARN" -e "HOME" -e "GITHUB_JOB" -e "GITHUB_REF" -e "GITHUB_SHA" -e "GITHUB_REPOSITORY" -e "GITHUB_REPOSITORY_OWNER" -e "GITHUB_REPOSITORY_OWNER_ID" -e "GITHUB_RUN_ID" -e "GITHUB_RUN_NUMBER" -e "GITHUB_RETENTION_DAYS" -e "GITHUB_RUN_ATTEMPT" -e "GITHUB_ACTOR_ID" -e "GITHUB_ACTOR" -e "GITHUB_WORKFLOW" -e "GITHUB_HEAD_REF" -e "GITHUB_BASE_REF" -e "GITHUB_EVENT_NAME" -e "GITHUB_SERVER_URL" -e "GITHUB_API_URL" -e "GITHUB_GRAPHQL_URL" -e "GITHUB_REF_NAME" -e "GITHUB_REF_PROTECTED" -e "GITHUB_REF_TYPE" -e "GITHUB_WORKFLOW_REF" -e "GITHUB_WORKFLOW_SHA" -e "GITHUB_REPOSITORY_ID" -e "GITHUB_TRIGGERING_ACTOR" -e "GITHUB_WORKSPACE" -e "GITHUB_ACTION" -e "GITHUB_EVENT_PATH" -e "GITHUB_ACTION_REPOSITORY" -e "GITHUB_ACTION_REF" -e "GITHUB_PATH" -e "GITHUB_ENV" -e "GITHUB_STEP_SUMMARY" -e "GITHUB_STATE" -e "GITHUB_OUTPUT" -e "RUNNER_OS" -e "RUNNER_ARCH" -e "RUNNER_NAME" -e "RUNNER_ENVIRONMENT" -e "RUNNER_TOOL_CACHE" -e "RUNNER_TEMP" -e "RUNNER_WORKSPACE" -e "ACTIONS_RUNTIME_URL" -e "ACTIONS_RUNTIME_TOKEN" -e "ACTIONS_CACHE_URL" -e "ACTIONS_RESULTS_URL" -e "ACTIONS_ORCHESTRATION_ID" -e GITHUB_ACTIONS=true -e CI=true -v "/var/run/docker.sock":"/var/run/docker.sock" -v "/home/runner/work/_temp":"/github/runner_temp" -v "/home/runner/work/_temp/_github_home":"/github/home" -v "/home/runner/work/_temp/_github_workflow":"/github/workflow" -v "/home/runner/work/_temp/_runner_file_commands":"/github/file_commands" -v "/home/runner/work/helios-cli/helios-cli":"/github/workspace" 2a508b:45df9b639ab54a828498d6119b43d20d
Check for spelling errors	Codespell	2026-07-14T20:28:46.6052976Z Running codespell on '' with the following options...
Check for spelling errors	Codespell	2026-07-14T20:28:46.6054584Z Builtin dictionaries ''
Check for spelling errors	Codespell	2026-07-14T20:28:46.6055462Z Check filenames? ''
Check for spelling errors	Codespell	2026-07-14T20:28:46.6056350Z Check hidden? ''
Check for spelling errors	Codespell	2026-07-14T20:28:46.6056886Z Config ''
Check for spelling errors	Codespell	2026-07-14T20:28:46.6057415Z Exclude file ''
Check for spelling errors	Codespell	2026-07-14T20:28:46.6057999Z Ignore words file '.codespellignore'
Check for spelling errors	Codespell	2026-07-14T20:28:46.6058694Z Ignore words list ''
Check for spelling errors	Codespell	2026-07-14T20:28:46.6059291Z Ignore URI words list ''
Check for spelling errors	Codespell	2026-07-14T20:28:46.6060181Z Skipping './.git'
Check for spelling errors	Codespell	2026-07-14T20:28:46.6061093Z Resulting CLI options  --ignore-words .codespellignore --skip ./.git
Check for spelling errors	Codespell	2026-07-14T20:28:54.7879359Z ##[warning]WARNING: Cannot decode file using encoding "utf-8": ./perf-results/attribution-hotspots-v2-20260223-031254/xctrace-traces/worker-01.trace/corespace/run1/core/uniquing/TOC
Check for spelling errors	Codespell	2026-07-14T20:28:54.7887175Z WARNING: Trying next encoding "iso-8859-1"
Check for spelling errors	Codespell	2026-07-14T20:28:54.7941318Z ##[warning]WARNING: Cannot decode file using encoding "utf-8": ./perf-results/attribution-hotspots-v2-20260223-031254/xctrace-traces/worker-01.trace/corespace/run1/core/stores/indexed-store-21/spec.plist
Check for spelling errors	Codespell	2026-07-14T20:28:54.7942986Z WARNING: Trying next encoding "iso-8859-1"
Check for spelling errors	Codespell	2026-07-14T20:28:54.7951608Z ##[warning]WARNING: Cannot decode file using encoding "utf-8": ./perf-results/attribution-hotspots-v2-20260223-031254/xctrace-traces/worker-01.trace/corespace/run1/core/stores/indexed-store-7/bulkstore_descriptor
Check for spelling errors	Codespell	2026-07-14T20:28:54.7953253Z WARNING: Trying next encoding "iso-8859-1"
Check for spelling errors	Codespell	2026-07-14T20:28:54.7962925Z ##[warning]WARNING: Cannot decode file using encoding "utf-8": ./perf-results/attribution-hotspots-v2-20260223-031254/xctrace-traces/worker-01.trace/corespace/run1/core/stores/indexed-store-3/spec.plist
Check for spelling errors	Codespell	2026-07-14T20:28:54.7964416Z WARNING: Trying next encoding "iso-8859-1"
Check for spelling errors	Codespell	2026-07-14T20:28:54.7968976Z ##[warning]WARNING: Cannot decode file using encoding "utf-8": ./perf-results/attribution-hotspots-v2-20260223-031254/xctrace-traces/worker-01.trace/corespace/run1/core/stores/indexed-store-15/spec.plist
Check for spelling errors	Codespell	2026-07-14T20:28:54.7971338Z WARNING: Trying next encoding "iso-8859-1"
Check for spelling errors	Codespell	2026-07-14T20:28:54.7976007Z ##[warning]WARNING: Cannot decode file using encoding "utf-8": ./perf-results/attribution-hotspots-v2-20260223-031254/xctrace-traces/worker-01.trace/corespace/run1/core/stores/indexed-store-39/bulkstore_descriptor
Check for spelling errors	Codespell	2026-07-14T20:28:54.7978604Z WARNING: Trying next encoding "iso-8859-1"
Check for spelling errors	Codespell	2026-07-14T20:28:54.7984333Z ##[warning]WARNING: Cannot decode file using encoding "utf-8": ./perf-results/attribution-hotspots-v2-20260223-031254/xctrace-traces/worker-01.trace/corespace/run1/core/stores/indexed-store-39/spec.plist
Check for spelling errors	Codespell	2026-07-14T20:28:54.7986049Z WARNING: Trying next encoding "iso-8859-1"
Check for spelling errors	Codespell	2026-07-14T20:28:54.7992057Z ##[warning]WARNING: Cannot decode file using encoding "utf-8": ./perf-results/attribution-hotspots-v2-20260223-031254/xctrace-traces/worker-01.trace/corespace/run1/core/stores/indexed-store-1/schema.xml
Check for spelling errors	Codespell	2026-07-14T20:28:54.7993498Z WARNING: Trying next encoding "iso-8859-1"
Check for spelling errors	Codespell	2026-07-14T20:28:54.7996277Z ##[warning]WARNING: Cannot decode file using encoding "utf-8": ./perf-results/attribution-hotspots-v2-20260223-031254/xctrace-traces/worker-01.trace/corespace/run1/core/stores/indexed-store-1/spindex.0
Check for spelling errors	Codespell	2026-07-14T20:28:54.7997659Z WARNING: Trying next encoding "iso-8859-1"
Check for spelling errors	Codespell	2026-07-14T20:28:54.8023412Z ##[warning]WARNING: Cannot decode file using encoding "utf-8": ./perf-results/attribution-hotspots-v2-20260223-031254/xctrace-traces/worker-01.trace/corespace/run1/core/stores/indexed-store-33/schema.xml
Check for spelling errors	Codespell	2026-07-14T20:28:54.8025531Z WARNING: Trying next encoding "iso-8859-1"
Check for spelling errors	Codespell	2026-07-14T20:28:54.8028304Z ##[warning]WARNING: Cannot decode file using encoding "utf-8": ./perf-results/attribution-hotspots-v2-20260223-031254/xctrace-traces/worker-01.trace/corespace/run1/core/stores/indexed-store-33/spec.plist
Check for spelling errors	Codespell	2026-07-14T20:28:54.8031208Z WARNING: Trying next encoding "iso-8859-1"
Check for spelling errors	Codespell	2026-07-14T20:28:54.8035391Z ##[warning]WARNING: Cannot decode file using encoding "utf-8": ./perf-results/attribution-hotspots-v2-20260223-031254/xctrace-traces/worker-01.trace/corespace/run1/core/stores/indexed-store-26/spec.plist
Check for spelling errors	Codespell	2026-07-14T20:28:54.8038177Z WARNING: Trying next encoding "iso-8859-1"
Check for spelling errors	Codespell	2026-07-14T20:28:54.8041706Z ##[warning]WARNING: Cannot decode file using encoding "utf-8": ./perf-results/attribution-hotspots-v2-20260223-031254/xctrace-traces/worker-01.trace/corespace/run1/core/stores/indexed-store-32/schema.xml
Check for spelling errors	Codespell	2026-07-14T20:28:54.8044483Z WARNING: Trying next encoding "iso-8859-1"
Check for spelling errors	Codespell	2026-07-14T20:28:54.8046954Z ##[warning]WARNING: Cannot decode file using encoding "utf-8": ./perf-results/attribution-hotspots-v2-20260223-031254/xctrace-traces/worker-01.trace/corespace/run1/core/stores/indexed-store-32/spec.plist
Check for spelling errors	Codespell	2026-07-14T20:28:54.8050028Z WARNING: Trying next encoding "iso-8859-1"
Check for spelling errors	Codespell	2026-07-14T20:28:54.8052665Z ##[warning]WARNING: Cannot decode file using encoding "utf-8": ./perf-results/attribution-hotspots-v2-20260223-031254/xctrace-traces/worker-01.trace/corespace/run1/core/stores/indexed-store-11/bulkstore_descriptor
Check for spelling errors	Codespell	2026-07-14T20:28:54.8055582Z WARNING: Trying next encoding "iso-8859-1"
Check for spelling errors	Codespell	2026-07-14T20:28:54.8070760Z ##[warning]WARNING: Cannot decode file using encoding "utf-8": ./perf-results/attribution-hotspots-v2-20260223-031254/xctrace-traces/worker-01.trace/corespace/run1/core/stores/indexed-store-16/spec.plist
Check for spelling errors	Codespell	2026-07-14T20:28:54.8073462Z WARNING: Trying next encoding "iso-8859-1"
Check for spelling errors	Codespell	2026-07-14T20:28:54.8076004Z ##[warning]WARNING: Cannot decode file using encoding "utf-8": ./perf-results/attribution-hotspots-v2-20260223-031254/xctrace-traces/worker-01.trace/corespace/run1/core/stores/indexed-store-8/bulkstore_descriptor
Check for spelling errors	Codespell	2026-07-14T20:28:54.8078526Z WARNING: Trying next encoding "iso-8859-1"
Check for spelling errors	Codespell	2026-07-14T20:28:54.8088062Z ##[warning]WARNING: Cannot decode file using encoding "utf-8": ./perf-results/attribution-hotspots-v2-20260223-031254/xctrace-traces/worker-01.trace/corespace/run1/core/stores/indexed-store-13/schema.xml
Check for spelling errors	Codespell	2026-07-14T20:28:54.8091167Z WARNING: Trying next encoding "iso-8859-1"
Check for spelling errors	Codespell	2026-07-14T20:28:54.8101343Z ##[warning]WARNING: Cannot decode file using encoding "utf-8": ./perf-results/attribution-hotspots-v2-20260223-031254/xctrace-traces/worker-01.trace/corespace/run1/core/stores/indexed-store-34/schema.xml
Check for spelling errors	Codespell	2026-07-14T20:28:54.8104222Z WARNING: Trying next encoding "iso-8859-1"
Check for spelling errors	Codespell	2026-07-14T20:28:54.8112537Z ##[warning]WARNING: Cannot decode file using encoding "utf-8": ./perf-results/attribution-hotspots-v2-20260223-031254/xctrace-traces/worker-01.trace/corespace/run1/core/stores/indexed-store-9/spec.plist
Check for spelling errors	Codespell	2026-07-14T20:28:54.8115105Z WARNING: Trying next encoding "iso-8859-1"
Check for spelling errors	Codespell	2026-07-14T20:28:54.8118372Z ##[warning]WARNING: Cannot decode file using encoding "utf-8": ./perf-results/attribution-hotspots-v2-20260223-031254/xctrace-traces/worker-01.trace/corespace/run1/core/stores/indexed-store-12/bulkstore
Check for spelling errors	Codespell	2026-07-14T20:28:54.8121144Z WARNING: Trying next encoding "iso-8859-1"
Check for spelling errors	Codespell	2026-07-14T20:28:54.8228944Z ##[warning]WARNING: Cannot decode file using encoding "utf-8": ./perf-results/attribution-hotspots-v2-20260223-031254/xctrace-traces/worker-01.trace/corespace/run1/core/stores/indexed-store-28/spec.plist
Check for spelling errors	Codespell	2026-07-14T20:28:54.8231833Z WARNING: Trying next encoding "iso-8859-1"
Check for spelling errors	Codespell	2026-07-14T20:28:54.8236354Z ##[warning]WARNING: Cannot decode file using encoding "utf-8": ./perf-results/attribution-hotspots-v2-20260223-031254/xctrace-traces/worker-01.trace/corespace/run1/core/stores/indexed-store-22/spec.plist
Check for spelling errors	Codespell	2026-07-14T20:28:54.8238101Z WARNING: Trying next encoding "iso-8859-1"
Check for spelling errors	Codespell	2026-07-14T20:28:54.8241602Z ##[warning]WARNING: Cannot decode file using encoding "utf-8": ./perf-results/attribution-hotspots-v2-20260223-031254/xctrace-traces/worker-01.trace/corespace/run1/core/stores/indexed-store-24/spec.plist
Check for spelling errors	Codespell	2026-07-14T20:28:54.8243189Z WARNING: Trying next encoding "iso-8859-1"
Check for spelling errors	Codespell	2026-07-14T20:28:54.8250751Z ##[warning]WARNING: Cannot decode file using encoding "utf-8": ./perf-results/attribution-hotspots-v2-20260223-031254/xctrace-traces/worker-01.trace/corespace/run1/core/stores/indexed-store-0/spec.plist
Check for spelling errors	Codespell	2026-07-14T20:28:54.8252216Z WARNING: Trying next encoding "iso-8859-1"
Check for spelling errors	Codespell	2026-07-14T20:28:54.8258933Z ##[warning]WARNING: Cannot decode file using encoding "utf-8": ./perf-results/attribution-hotspots-v2-20260223-031254/xctrace-traces/worker-01.trace/corespace/run1/core/stores/indexed-store-29/bulkstore_descriptor
Check for spelling errors	Codespell	2026-07-14T20:28:54.8260586Z WARNING: Trying next encoding "iso-8859-1"
Check for spelling errors	Codespell	2026-07-14T20:28:54.8265015Z ##[warning]WARNING: Cannot decode file using encoding "utf-8": ./perf-results/attribution-hotspots-v2-20260223-031254/xctrace-traces/worker-01.trace/corespace/run1/core/stores/indexed-store-29/schema.xml
Check for spelling errors	Codespell	2026-07-14T20:28:54.8266739Z WARNING: Trying next encoding "iso-8859-1"
Check for spelling errors	Codespell	2026-07-14T20:28:54.8270334Z ##[warning]WARNING: Cannot decode file using encoding "utf-8": ./perf-results/attribution-hotspots-v2-20260223-031254/xctrace-traces/worker-01.trace/corespace/run1/core/stores/indexed-store-10/bulkstore_descriptor
Check for spelling errors	Codespell	2026-07-14T20:28:54.8272591Z WARNING: Trying next encoding "iso-8859-1"
Check for spelling errors	Codespell	2026-07-14T20:28:54.8276406Z ##[warning]WARNING: Cannot decode file using encoding "utf-8": ./perf-results/attribution-hotspots-v2-20260223-031254/xctrace-traces/worker-01.trace/corespace/run1/core/stores/indexed-store-10/spec.plist
Check for spelling errors	Codespell	2026-07-14T20:28:54.8277858Z WARNING: Trying next encoding "iso-8859-1"
Check for spelling errors	Codespell	2026-07-14T20:28:54.8281489Z ##[warning]WARNING: Cannot decode file using encoding "utf-8": ./perf-results/attribution-hotspots-v2-20260223-031254/xctrace-traces/worker-01.trace/corespace/run1/core/stores/indexed-store-2/bulkstore_descriptor
Check for spelling errors	Codespell	2026-07-14T20:28:54.8283011Z WARNING: Trying next encoding "iso-8859-1"
Check for spelling errors	Codespell	2026-07-14T20:28:54.8288296Z ##[warning]WARNING: Cannot decode file using encoding "utf-8": ./perf-results/attribution-hotspots-v2-20260223-031254/xctrace-traces/worker-01.trace/corespace/run1/core/stores/indexed-store-2/spec.plist
Check for spelling errors	Codespell	2026-07-14T20:28:54.8290140Z WARNING: Trying next encoding "iso-8859-1"
Check for spelling errors	Codespell	2026-07-14T20:28:54.8294626Z ##[warning]WARNING: Cannot decode file using encoding "utf-8": ./perf-results/attribution-hotspots-v2-20260223-031254/xctrace-traces/worker-01.trace/corespace/run1/core/stores/indexed-store-30/spec.plist
Check for spelling errors	Codespell	2026-07-14T20:28:54.8296219Z WARNING: Trying next encoding "iso-8859-1"
Check for spelling errors	Codespell	2026-07-14T20:28:54.8307051Z ##[warning]WARNING: Cannot decode file using encoding "utf-8": ./perf-results/attribution-hotspots-v2-20260223-031254/xctrace-traces/worker-01.trace/corespace/run1/core/stores/indexed-store-35/spec.plist
Check for spelling errors	Codespell	2026-07-14T20:28:54.8308497Z WARNING: Trying next encoding "iso-8859-1"
Check for spelling errors	Codespell	2026-07-14T20:28:54.8313158Z ##[warning]WARNING: Cannot decode file using encoding "utf-8": ./perf-results/attribution-hotspots-v2-20260223-031254/xctrace-traces/worker-01.trace/corespace/run1/core/stores/indexed-store-4/spec.plist
Check for spelling errors	Codespell	2026-07-14T20:28:54.8314573Z WARNING: Trying next encoding "iso-8859-1"
Check for spelling errors	Codespell	2026-07-14T20:28:55.5772948Z 80
Check for spelling errors	Codespell	2026-07-14T20:28:55.5827163Z ##[error]./docs/fragemented/research/helios-consolidated-evidence.md:848: suports ==> supports
Check for spelling errors	Codespell	2026-07-14T20:28:55.5831065Z ##[error]./docs/fragemented/research/merged.md:558: surpressed ==> suppressed
Check for spelling errors	Codespell	2026-07-14T20:28:55.5833562Z ##[error]./docs/fragemented/research/wave1-agent1-discovery.md:53: surpressed ==> suppressed
Check for spelling errors	Codespell	2026-07-14T20:28:55.5836018Z ##[error]./assets/chunks/framework.Dn7Y7LSn.js:5: ot ==> to, of, or, not, it
Check for spelling errors	Codespell	2026-07-14T20:28:55.5838098Z ##[error]./assets/chunks/framework.Dn7Y7LSn.js:9: ot ==> to, of, or, not, it
Check for spelling errors	Codespell	2026-07-14T20:28:55.5840421Z ##[error]./assets/chunks/framework.Dn7Y7LSn.js:9: ot ==> to, of, or, not, it
Check for spelling errors	Codespell	2026-07-14T20:28:55.5842311Z ##[error]./assets/chunks/framework.Dn7Y7LSn.js:9: ot ==> to, of, or, not, it
Check for spelling errors	Codespell	2026-07-14T20:28:55.5844128Z ##[error]./assets/chunks/framework.Dn7Y7LSn.js:9: ot ==> to, of, or, not, it
Check for spelling errors	Codespell	2026-07-14T20:28:55.5845918Z ##[error]./assets/chunks/framework.Dn7Y7LSn.js:9: ot ==> to, of, or, not, it
Check for spelling errors	Codespell	2026-07-14T20:28:55.5847785Z ##[error]./assets/chunks/framework.Dn7Y7LSn.js:9: ot ==> to, of, or, not, it
Check for spelling errors	Codespell	2026-07-14T20:28:55.5848919Z ##[error]./assets/chunks/framework.Dn7Y7LSn.js:9: ot ==> to, of, or, not, it
Check for spelling errors	Codespell	2026-07-14T20:28:55.5850290Z ##[error]./assets/chunks/framework.Dn7Y7LSn.js:9: ot ==> to, of, or, not, it
Check for spelling errors	Codespell	2026-07-14T20:28:55.5851481Z ##[error]./assets/chunks/framework.Dn7Y7LSn.js:13: Ot ==> To, Of, Or, Not, It
Check for spelling errors	Codespell	2026-07-14T20:28:55.5852609Z ##[error]./assets/chunks/framework.Dn7Y7LSn.js:13: Ot ==> To, Of, Or, Not, It
Check for spelling errors	Codespell	2026-07-14T20:28:55.5853749Z ##[error]./assets/chunks/framework.Dn7Y7LSn.js:13: Ot ==> To, Of, Or, Not, It
Check for spelling errors	Codespell	2026-07-14T20:28:55.5854863Z ##[error]./assets/chunks/framework.Dn7Y7LSn.js:13: Ot ==> To, Of, Or, Not, It
Check for spelling errors	Codespell	2026-07-14T20:28:55.5855972Z ##[error]./assets/chunks/framework.Dn7Y7LSn.js:13: Ot ==> To, Of, Or, Not, It
Check for spelling errors	Codespell	2026-07-14T20:28:55.5857045Z ##[error]./assets/chunks/framework.Dn7Y7LSn.js:13: Ot ==> To, Of, Or, Not, It
Check for spelling errors	Codespell	2026-07-14T20:28:55.5858110Z ##[error]./assets/chunks/framework.Dn7Y7LSn.js:13: Ot ==> To, Of, Or, Not, It
Check for spelling errors	Codespell	2026-07-14T20:28:55.5859193Z ##[error]./assets/chunks/framework.Dn7Y7LSn.js:13: Ue ==> Use, Due
Check for spelling errors	Codespell	2026-07-14T20:28:55.5860549Z ##[error]./assets/chunks/framework.Dn7Y7LSn.js:13: ue ==> use, due
Check for spelling errors	Codespell	2026-07-14T20:28:55.5861564Z ##[error]./assets/chunks/framework.Dn7Y7LSn.js:13: ue ==> use, due
Check for spelling errors	Codespell	2026-07-14T20:28:55.5862564Z ##[error]./assets/chunks/framework.Dn7Y7LSn.js:13: ue ==> use, due
Check for spelling errors	Codespell	2026-07-14T20:28:55.5863546Z ##[error]./assets/chunks/framework.Dn7Y7LSn.js:13: ue ==> use, due
Check for spelling errors	Codespell	2026-07-14T20:28:55.5864524Z ##[error]./assets/chunks/framework.Dn7Y7LSn.js:13: ue ==> use, due
Check for spelling errors	Codespell	2026-07-14T20:28:55.5865503Z ##[error]./assets/chunks/framework.Dn7Y7LSn.js:13: Ue ==> Use, Due
Check for spelling errors	Codespell	2026-07-14T20:28:55.5866470Z ##[error]./assets/chunks/framework.Dn7Y7LSn.js:13: Ue ==> Use, Due
Check for spelling errors	Codespell	2026-07-14T20:28:55.5867499Z ##[error]./assets/chunks/framework.Dn7Y7LSn.js:13: ue ==> use, due
Check for spelling errors	Codespell	2026-07-14T20:28:55.5868639Z ##[error]./assets/chunks/framework.Dn7Y7LSn.js:13: Ue ==> Use, Due
Check for spelling errors	Codespell	2026-07-14T20:28:55.5870187Z ##[error]./assets/chunks/framework.Dn7Y7LSn.js:13: Ue ==> Use, Due
Check for spelling errors	Codespell	2026-07-14T20:28:55.5871743Z ##[error]./assets/chunks/framework.Dn7Y7LSn.js:13: Ue ==> Use, Due
Check for spelling errors	Codespell	2026-07-14T20:28:55.5872763Z ##[error]./assets/chunks/framework.Dn7Y7LSn.js:13: Ue ==> Use, Due
Check for spelling errors	Codespell	2026-07-14T20:28:55.5874040Z ##[error]./assets/chunks/framework.Dn7Y7LSn.js:13: Ue ==> Use, Due
Check for spelling errors	Codespell	2026-07-14T20:28:55.5875038Z ##[error]./assets/chunks/framework.Dn7Y7LSn.js:13: Ue ==> Use, Due
Check for spelling errors	Codespell	2026-07-14T20:28:55.5876016Z ##[error]./assets/chunks/framework.Dn7Y7LSn.js:13: Ue ==> Use, Due
Check for spelling errors	Codespell	2026-07-14T20:28:55.5877003Z ##[error]./assets/chunks/framework.Dn7Y7LSn.js:13: ue ==> use, due
Check for spelling errors	Codespell	2026-07-14T20:28:55.5877997Z ##[error]./assets/chunks/framework.Dn7Y7LSn.js:13: ue ==> use, due
Check for spelling errors	Codespell	2026-07-14T20:28:55.5879035Z ##[error]./assets/chunks/framework.Dn7Y7LSn.js:15: fo ==> of, for, to, do, go
Check for spelling errors	Codespell	2026-07-14T20:28:55.5880532Z ##[error]./assets/chunks/framework.Dn7Y7LSn.js:15: bu ==> by, be, but, bug, bun, bud, buy, bum
Check for spelling errors	Codespell	2026-07-14T20:28:55.5881652Z ##[error]./assets/chunks/framework.Dn7Y7LSn.js:15: ue ==> use, due
Check for spelling errors	Codespell	2026-07-14T20:28:55.5882643Z ##[error]./assets/chunks/framework.Dn7Y7LSn.js:15: ue ==> use, due
Check for spelling errors	Codespell	2026-07-14T20:28:55.5883689Z ##[error]./assets/chunks/framework.Dn7Y7LSn.js:15: fo ==> of, for, to, do, go
Check for spelling errors	Codespell	2026-07-14T20:28:55.5884747Z ##[error]./assets/chunks/framework.Dn7Y7LSn.js:15: ue ==> use, due
Check for spelling errors	Codespell	2026-07-14T20:28:55.5885724Z ##[error]./assets/chunks/framework.Dn7Y7LSn.js:15: ue ==> use, due
Check for spelling errors	Codespell	2026-07-14T20:28:55.5886831Z ##[error]./assets/chunks/framework.Dn7Y7LSn.js:15: bu ==> by, be, but, bug, bun, bud, buy, bum
Check for spelling errors	Codespell	2026-07-14T20:28:55.5887910Z ##[error]./assets/chunks/framework.Dn7Y7LSn.js:15: Ue ==> Use, Due
Check for spelling errors	Codespell	2026-07-14T20:28:55.5888939Z ##[error]./assets/chunks/framework.Dn7Y7LSn.js:15: Fo ==> Of, For, To, Do, Go
Check for spelling errors	Codespell	2026-07-14T20:28:55.5890389Z ##[error]./assets/chunks/framework.Dn7Y7LSn.js:15: Fo ==> Of, For, To, Do, Go
Check for spelling errors	Codespell	2026-07-14T20:28:55.5891480Z ##[error]./assets/chunks/framework.Dn7Y7LSn.js:15: ue ==> use, due
Check for spelling errors	Codespell	2026-07-14T20:28:55.5892522Z ##[error]./assets/chunks/framework.Dn7Y7LSn.js:15: fo ==> of, for, to, do, go
Check for spelling errors	Codespell	2026-07-14T20:28:55.5893584Z ##[error]./assets/chunks/framework.Dn7Y7LSn.js:15: ue ==> use, due
Check for spelling errors	Codespell	2026-07-14T20:28:55.5894572Z ##[error]./assets/chunks/framework.Dn7Y7LSn.js:15: ue ==> use, due
Check for spelling errors	Codespell	2026-07-14T20:28:55.5895647Z ##[error]./assets/chunks/framework.Dn7Y7LSn.js:15: ue ==> use, due
Check for spelling errors	Codespell	2026-07-14T20:28:55.5896639Z ##[error]./assets/chunks/framework.Dn7Y7LSn.js:15: ue ==> use, due
Check for spelling errors	Codespell	2026-07-14T20:28:55.5897620Z ##[error]./assets/chunks/framework.Dn7Y7LSn.js:15: ue ==> use, due
Check for spelling errors	Codespell	2026-07-14T20:28:55.5898722Z ##[error]./assets/chunks/framework.Dn7Y7LSn.js:15: bu ==> by, be, but, bug, bun, bud, buy, bum
Check for spelling errors	Codespell	2026-07-14T20:28:55.5899980Z ##[error]./assets/chunks/theme.BNMHX2Hd.js:1: ue ==> use, due
Check for spelling errors	Codespell	2026-07-14T20:28:55.5900980Z ##[error]./assets/chunks/theme.BNMHX2Hd.js:1: Ue ==> Use, Due
Check for spelling errors	Codespell	2026-07-14T20:28:55.5901931Z ##[error]./assets/chunks/theme.BNMHX2Hd.js:1: ue ==> use, due
Check for spelling errors	Codespell	2026-07-14T20:28:55.5902930Z ##[error]./assets/chunks/theme.BNMHX2Hd.js:1: ot ==> to, of, or, not, it
Check for spelling errors	Codespell	2026-07-14T20:28:55.5903907Z ##[error]./assets/chunks/theme.BNMHX2Hd.js:1: ue ==> use, due
Check for spelling errors	Codespell	2026-07-14T20:28:55.5904894Z ##[error]./assets/chunks/theme.BNMHX2Hd.js:1: ot ==> to, of, or, not, it
Check for spelling errors	Codespell	2026-07-14T20:28:55.5906425Z ##[error]./assets/chunks/theme.BNMHX2Hd.js:1: Ot ==> To, Of, Or, Not, It
Check for spelling errors	Codespell	2026-07-14T20:28:55.5908361Z ##[error]./assets/chunks/theme.BNMHX2Hd.js:1: Ot ==> To, Of, Or, Not, It
Check for spelling errors	Codespell	2026-07-14T20:28:55.5911521Z ##[error]./assets/chunks/theme.BNMHX2Hd.js:1: ue ==> use, due
Check for spelling errors	Codespell	2026-07-14T20:28:55.5913516Z ##[error]./assets/chunks/theme.BNMHX2Hd.js:1: fo ==> of, for, to, do, go
Check for spelling errors	Codespell	2026-07-14T20:28:55.5915658Z ##[error]./assets/chunks/theme.BNMHX2Hd.js:1: fo ==> of, for, to, do, go
Check for spelling errors	Codespell	2026-07-14T20:28:55.5917476Z ##[error]./assets/chunks/theme.BNMHX2Hd.js:1: Fo ==> Of, For, To, Do, Go
Check for spelling errors	Codespell	2026-07-14T20:28:55.5919406Z ##[error]./assets/chunks/theme.BNMHX2Hd.js:1: Fo ==> Of, For, To, Do, Go
Check for spelling errors	Codespell	2026-07-14T20:28:55.5921562Z ##[error]./assets/chunks/theme.BNMHX2Hd.js:1: Ue ==> Use, Due
Check for spelling errors	Codespell	2026-07-14T20:28:55.5924139Z ##[error]./mojo/matrix.mojo:11: inout ==> input, in out
Check for spelling errors	Codespell	2026-07-14T20:28:55.5926446Z ##[error]./mojo/matrix.mojo:24: inout ==> input, in out
Check for spelling errors	Codespell	2026-07-14T20:28:55.5929600Z ##[error]./perf-results/attribution-hotspots-v2-20260223-031254/xctrace-traces/worker-01.trace/corespace/run1/core/stores/indexed-store-39/bulkstore_descriptor:14: Ot ==> To, Of, Or, Not, It
Check for spelling errors	Codespell	2026-07-14T20:28:55.5933614Z ##[error]./perf-results/attribution-hotspots-v2-20260223-031254/xctrace-traces/worker-01.trace/corespace/run1/core/stores/indexed-store-1/spindex.0:26: nD ==> and, 2nd
Check for spelling errors	Codespell	2026-07-14T20:28:55.5936925Z ##[error]./perf-results/attribution-hotspots-v2-20260223-031254/xctrace-traces/worker-01.trace/corespace/run1/core/stores/indexed-store-12/bulkstore:49: ND ==> AND, 2ND
Check for spelling errors	Codespell	2026-07-14T20:28:55.5940269Z ##[error]./perf-results/attribution-hotspots-v2-20260223-031254/xctrace-traces/worker-01.trace/corespace/run1/core/stores/indexed-store-12/bulkstore:96: liek ==> like
Check for spelling errors	Codespell	2026-07-14T20:28:55.5942633Z ##[error]./research/helios-consolidated-evidence.md:849: suports ==> supports
Check for spelling errors	Codespell	2026-07-14T20:28:55.5946826Z ##[error]./research/wave1-agent1-discovery.md:54: surpressed ==> suppressed
Check for spelling errors	Codespell	2026-07-14T20:28:55.5948847Z ##[error]./fragemented/commands/clone-playbook.html:45: branc ==> branch
Check for spelling errors	Codespell	2026-07-14T20:28:55.5950671Z ##[error]./fragemented/commands/merged.html:45: branc ==> branch
Check for spelling errors	Codespell	2026-07-14T20:28:55.5952007Z Codespell found one or more problems
