Check for spelling errors	Codespell	﻿2026-07-14T20:45:06.1664216Z ##[group]Run codespell-project/actions-codespell@8f01853be192eb0f849a5c7d721450e7a467c579
Check for spelling errors	Codespell	2026-07-14T20:45:06.1664653Z with:
Check for spelling errors	Codespell	2026-07-14T20:45:06.1664855Z   ignore_words_file: .codespellignore
Check for spelling errors	Codespell	2026-07-14T20:45:06.1665112Z   skip: ./.git
Check for spelling errors	Codespell	2026-07-14T20:45:06.1665296Z ##[endgroup]
Check for spelling errors	Codespell	2026-07-14T20:45:06.1763704Z ##[command]/usr/bin/docker run --name bb2af11a7b7cecee34cbd97f526824b2a44fe_98623b --label 9bb2af --workdir /github/workspace --rm -e "INPUT_IGNORE_WORDS_FILE" -e "INPUT_BUILTIN" -e "INPUT_CHECK_FILENAMES" -e "INPUT_CHECK_HIDDEN" -e "INPUT_CONFIG" -e "INPUT_EXCLUDE_FILE" -e "INPUT_IGNORE_WORDS_LIST" -e "INPUT_URI_IGNORE_WORDS_LIST" -e "INPUT_PATH" -e "INPUT_SKIP" -e "INPUT_ONLY_WARN" -e "HOME" -e "GITHUB_JOB" -e "GITHUB_REF" -e "GITHUB_SHA" -e "GITHUB_REPOSITORY" -e "GITHUB_REPOSITORY_OWNER" -e "GITHUB_REPOSITORY_OWNER_ID" -e "GITHUB_RUN_ID" -e "GITHUB_RUN_NUMBER" -e "GITHUB_RETENTION_DAYS" -e "GITHUB_RUN_ATTEMPT" -e "GITHUB_ACTOR_ID" -e "GITHUB_ACTOR" -e "GITHUB_WORKFLOW" -e "GITHUB_HEAD_REF" -e "GITHUB_BASE_REF" -e "GITHUB_EVENT_NAME" -e "GITHUB_SERVER_URL" -e "GITHUB_API_URL" -e "GITHUB_GRAPHQL_URL" -e "GITHUB_REF_NAME" -e "GITHUB_REF_PROTECTED" -e "GITHUB_REF_TYPE" -e "GITHUB_WORKFLOW_REF" -e "GITHUB_WORKFLOW_SHA" -e "GITHUB_REPOSITORY_ID" -e "GITHUB_TRIGGERING_ACTOR" -e "GITHUB_WORKSPACE" -e "GITHUB_ACTION" -e "GITHUB_EVENT_PATH" -e "GITHUB_ACTION_REPOSITORY" -e "GITHUB_ACTION_REF" -e "GITHUB_PATH" -e "GITHUB_ENV" -e "GITHUB_STEP_SUMMARY" -e "GITHUB_STATE" -e "GITHUB_OUTPUT" -e "RUNNER_OS" -e "RUNNER_ARCH" -e "RUNNER_NAME" -e "RUNNER_ENVIRONMENT" -e "RUNNER_TOOL_CACHE" -e "RUNNER_TEMP" -e "RUNNER_WORKSPACE" -e "ACTIONS_RUNTIME_URL" -e "ACTIONS_RUNTIME_TOKEN" -e "ACTIONS_CACHE_URL" -e "ACTIONS_RESULTS_URL" -e "ACTIONS_ORCHESTRATION_ID" -e GITHUB_ACTIONS=true -e CI=true -v "/var/run/docker.sock":"/var/run/docker.sock" -v "/home/runner/work/_temp":"/github/runner_temp" -v "/home/runner/work/_temp/_github_home":"/github/home" -v "/home/runner/work/_temp/_github_workflow":"/github/workflow" -v "/home/runner/work/_temp/_runner_file_commands":"/github/file_commands" -v "/home/runner/work/helios-cli/helios-cli":"/github/workspace" 9bb2af:11a7b7cecee34cbd97f526824b2a44fe
Check for spelling errors	Codespell	2026-07-14T20:45:06.3863360Z Running codespell on '' with the following options...
Check for spelling errors	Codespell	2026-07-14T20:45:06.3863952Z Builtin dictionaries ''
Check for spelling errors	Codespell	2026-07-14T20:45:06.3864311Z Check filenames? ''
Check for spelling errors	Codespell	2026-07-14T20:45:06.3864647Z Check hidden? ''
Check for spelling errors	Codespell	2026-07-14T20:45:06.3864986Z Config ''
Check for spelling errors	Codespell	2026-07-14T20:45:06.3865309Z Exclude file ''
Check for spelling errors	Codespell	2026-07-14T20:45:06.3865670Z Ignore words file '.codespellignore'
Check for spelling errors	Codespell	2026-07-14T20:45:06.3866135Z Ignore words list ''
Check for spelling errors	Codespell	2026-07-14T20:45:06.3866533Z Ignore URI words list ''
Check for spelling errors	Codespell	2026-07-14T20:45:06.3866946Z Skipping './.git'
Check for spelling errors	Codespell	2026-07-14T20:45:06.3867568Z Resulting CLI options  --ignore-words .codespellignore --skip ./.git
Check for spelling errors	Codespell	2026-07-14T20:45:14.0633931Z 9
Check for spelling errors	Codespell	2026-07-14T20:45:14.0713279Z ##[error]./docs/fragemented/research/helios-consolidated-evidence.md:848: suports ==> supports
Check for spelling errors	Codespell	2026-07-14T20:45:14.0720427Z ##[error]./docs/fragemented/research/merged.md:558: surpressed ==> suppressed
Check for spelling errors	Codespell	2026-07-14T20:45:14.0722357Z ##[error]./docs/fragemented/research/wave1-agent1-discovery.md:53: surpressed ==> suppressed
Check for spelling errors	Codespell	2026-07-14T20:45:14.0723918Z ##[error]./mojo/matrix.mojo:11: inout ==> input, in out
Check for spelling errors	Codespell	2026-07-14T20:45:14.0725175Z ##[error]./mojo/matrix.mojo:24: inout ==> input, in out
Check for spelling errors	Codespell	2026-07-14T20:45:14.0726687Z ##[error]./research/helios-consolidated-evidence.md:849: suports ==> supports
Check for spelling errors	Codespell	2026-07-14T20:45:14.0728116Z ##[error]./research/wave1-agent1-discovery.md:54: surpressed ==> suppressed
Check for spelling errors	Codespell	2026-07-14T20:45:14.0729676Z ##[error]./fragemented/commands/clone-playbook.html:45: branc ==> branch
Check for spelling errors	Codespell	2026-07-14T20:45:14.0731213Z ##[error]./fragemented/commands/merged.html:45: branc ==> branch
Check for spelling errors	Codespell	2026-07-14T20:45:14.0759409Z Codespell found one or more problems
