   Compiling proc-macro2 v1.0.106
   Compiling quote v1.0.46
   Compiling unicode-ident v1.0.24
    Checking cfg-if v1.0.4
    Checking windows-link v0.2.1
    Checking pin-project-lite v0.2.17
   Compiling serde_core v1.0.228
    Checking once_cell v1.21.4
   Compiling autocfg v1.5.1
    Checking smallvec v1.15.2
    Checking memchr v2.8.3
   Compiling serde v1.0.228
   Compiling getrandom v0.4.3
   Compiling parking_lot_core v0.9.12
    Checking scopeguard v1.2.0
    Checking regex-syntax v0.8.11
    Checking bytes v1.12.1
    Checking lock_api v0.4.14
    Checking windows-sys v0.61.2
   Compiling zmij v1.0.23
    Checking tracing-core v0.1.36
    Checking equivalent v1.0.2
    Checking itoa v1.0.18
    Checking bitflags v2.13.1
   Compiling num-traits v0.2.19
    Checking aho-corasick v1.1.4
   Compiling thiserror v1.0.69
   Compiling serde_json v1.0.150
   Compiling crossbeam-utils v0.8.22
   Compiling shlex v2.0.1
   Compiling libc v0.2.186
   Compiling find-msvc-tools v0.1.9
    Checking parking_lot v0.12.5
   Compiling zerocopy v0.8.54
    Checking hashbrown v0.17.1
    Checking futures-core v0.3.32
    Checking stable_deref_trait v1.2.1
    Checking unsafe-libyaml v0.2.11
    Checking arrayvec v0.7.8
   Compiling thiserror v2.0.18
    Checking fastrand v2.4.1
    Checking regex-automata v0.4.16
   Compiling jobserver v0.1.35
    Checking ryu v1.0.23
   Compiling crossbeam-epoch v0.9.20
    Checking indexmap v2.14.0
   Compiling cc v1.2.67
    Checking mio v1.2.2
    Checking socket2 v0.6.5
   Compiling syn v2.0.119
    Checking tempfile v3.27.0
   Compiling winapi v0.3.9
   Compiling pkg-config v0.3.33
    Checking simd-adler32 v0.3.10
   Compiling vcpkg v0.2.15
   Compiling crossbeam-deque v0.8.7
    Checking log v0.4.33
    Checking uuid v1.24.0
   Compiling rayon-core v1.13.0
   Compiling rust_decimal v1.42.1
    Checking litemap v0.8.2
    Checking writeable v0.6.3
    Checking futures-sink v0.3.32
   Compiling icu_normalizer_data v2.2.0
   Compiling crc32fast v1.5.0
    Checking futures-channel v0.3.32
   Compiling icu_properties_data v2.2.0
    Checking either v1.16.0
    Checking slab v0.4.12
    Checking futures-task v0.3.32
    Checking utf8_iter v1.0.4
    Checking utf8parse v0.2.2
    Checking futures-io v0.3.32
    Checking adler2 v2.0.1
   Compiling getrandom v0.3.4
    Checking once_cell_polyfill v1.70.2
    Checking bytemuck v1.25.1
    Checking anstyle v1.0.14
    Checking anstyle-parse v1.0.0
    Checking anstyle-query v1.1.5
    Checking winapi-util v0.1.11
    Checking miniz_oxide v0.8.9
    Checking is_terminal_polyfill v1.70.2
    Checking anstyle-wincon v3.0.11
    Checking colorchoice v1.0.5
    Checking fdeflate v0.3.7
   Compiling libz-sys v1.1.29
    Checking regex v1.13.1
   Compiling libssh2-sys v0.3.2
   Compiling libgit2-sys v0.18.5+1.9.4
    Checking clap_lex v1.1.0
    Checking strsim v0.11.1
    Checking same-file v1.0.6
    Checking rayon v1.12.0
   Compiling paste v1.0.15
    Checking anstream v1.0.0
    Checking flate2 v1.1.9
    Checking percent-encoding v2.3.2
   Compiling libm v0.2.16
   Compiling heck v0.5.0
   Compiling version_check v0.9.5
    Checking walkdir v2.5.0
   Compiling memoffset v0.6.5
    Checking rand_core v0.9.5
    Checking form_urlencoded v1.2.2
    Checking clap_builder v4.6.2
    Checking bitflags v1.3.2
    Checking weezl v0.1.12
   Compiling anyhow v1.0.103
    Checking lazy_static v1.5.0
    Checking num-complex v0.4.6
   Compiling pulp v0.22.3
    Checking serial-core v0.4.0
   Compiling synstructure v0.13.2
    Checking crossterm_winapi v0.9.1
    Checking concurrent-queue v2.5.0
    Checking raw-cpuid v11.6.0
    Checking fnv v1.0.7
   Compiling winreg v0.10.1
    Checking wait-timeout v0.2.1
    Checking reborrow v0.5.5
    Checking pulp-wasm-simd-flag v0.1.1
    Checking parking v2.2.1
    Checking zune-core v0.5.1
    Checking quick-error v1.2.3
    Checking color_quant v1.1.0
    Checking bit-vec v0.8.0
    Checking pxfm v0.1.30
    Checking event-listener v5.4.1
    Checking zune-jpeg v0.5.15
    Checking jpeg-decoder v0.3.2
    Checking serial-windows v0.4.0
    Checking rusty-fork v0.3.1
    Checking rand v0.9.5
    Checking rand_xorshift v0.4.0
    Checking png v0.18.1
    Checking bit-set v0.8.0
    Checking zune-inflate v0.2.54
   Compiling vte_generate_state_changes v0.1.2
    Checking pin-utils v0.1.0
    Checking bit_field v0.10.3
    Checking lebe v0.5.3
    Checking unarray v0.1.4
   Compiling portable-atomic v1.14.0
   Compiling semver v1.0.28
    Checking byteorder-lite v0.1.0
    Checking nix v0.25.1
    Checking tiff v0.9.1
    Checking serial v0.4.0
    Checking event-listener-strategy v0.5.4
    Checking gif v0.13.3
    Checking crossterm v0.28.1
    Checking shared_library v0.1.9
   Compiling rustc_version v0.4.1
    Checking sharded-slab v0.1.7
    Checking vte v0.11.1
   Compiling serde_derive v1.0.228
   Compiling tracing-attributes v0.1.31
   Compiling tokio-macros v2.7.1
   Compiling thiserror-impl v1.0.69
   Compiling zerofrom-derive v0.1.7
   Compiling zerocopy-derive v0.8.54
   Compiling yoke-derive v0.8.2
   Compiling thiserror-impl v2.0.18
   Compiling zerovec-derive v0.11.3
   Compiling displaydoc v0.2.6
   Compiling futures-macro v0.3.32
   Compiling async-trait v0.1.89
    Checking tokio v1.53.0
   Compiling clap_derive v4.6.1
    Checking moxcms v0.8.1
    Checking png v0.17.16
    Checking tracing v0.1.44
    Checking qoi v0.4.1
    Checking matchers v0.2.0
    Checking filedescriptor v0.8.3
    Checking zerofrom v0.1.8
    Checking futures-util v0.3.32
   Compiling alloca v0.4.0
    Checking tracing-log v0.2.0
    Checking nu-ansi-term v0.50.3
    Checking thread_local v1.1.10
    Checking yoke v0.8.3
    Checking ciborium-io v0.2.2
    Checking unicode-segmentation v1.13.3
    Checking shell-words v1.1.1
    Checking base64 v0.22.1
    Checking byteorder v1.5.0
    Checking downcast-rs v1.2.1
    Checking zerovec v0.11.6
    Checking zerotrie v0.2.4
    Checking plotters-backend v0.3.7
    Checking unicode-width v0.1.14
    Checking unicode-width v0.2.2
    Checking tracing-subscriber v0.3.23
    Checking portable-pty v0.8.1
    Checking plotters-svg v0.3.7
   Compiling rstest_macros v0.18.2
    Checking tinystr v0.8.3
    Checking potential_utf v0.1.5
    Checking vt100 v0.15.2
    Checking clap v4.6.2
    Checking icu_collections v2.2.0
    Checking async-lock v3.4.2
    Checking serde_yaml v0.9.34+deprecated
    Checking chrono v0.4.45
    Checking futures-executor v0.3.32
    Checking icu_locale_core v2.2.0
    Checking image v0.25.10
    Checking serde_spanned v0.6.9
    Checking toml_datetime v0.6.11
    Checking gif v0.12.0
    Checking crossterm v0.27.0
    Checking itertools v0.13.0
    Checking crossbeam-channel v0.5.16
    Checking futures v0.3.32
    Checking cast v0.3.0
    Checking toml_write v0.1.2
    Checking winnow v0.7.15
    Checking tagptr v0.2.0
    Checking half v2.7.1
    Checking tokio-stream v0.1.18
    Checking ppv-lite86 v0.2.21
    Checking tinytemplate v1.2.1
    Checking moka v0.12.15
    Checking plotters v0.3.7
    Checking page_size v0.6.0
    Checking harness_spec v0.2.1 (C:\Users\koosh\helios-cli\crates\harness_spec)
    Checking oorandom v11.1.5
    Checking icu_provider v2.2.0
   Compiling glob v0.3.3
    Checking anes v0.1.6
   Compiling relative-path v1.9.3
    Checking rand_chacha v0.9.0
    Checking pheno-plugin v0.1.0 (C:\Users\koosh\helios-cli\crates\pheno-plugin)
    Checking rck-core v0.1.0 (https://github.com/KooshaPari/rich-cli-kit?rev=4db13bcd7ab1ed1c8113cf755178da418ae6a519#4db13bcd)
    Checking exr v1.74.2
    Checking ciborium-ll v0.2.2
    Checking icu_normalizer v2.2.0
    Checking icu_properties v2.2.0
    Checking tokio-test v0.4.5
    Checking criterion-plot v0.8.2
    Checking proptest v1.11.0
    Checking ciborium v0.2.2
    Checking futures-timer v3.0.4
    Checking plugin-arch v0.1.0 (C:\Users\koosh\helios-cli\crates\plugin-arch)
    Checking harness_verify v0.2.1 (C:\Users\koosh\helios-cli\crates\harness_verify)
    Checking harness_elicitation v0.1.0 (C:\Users\koosh\helios-cli\crates\harness_elicitation)
    Checking criterion v0.8.2
    Checking harness_discoverer v0.1.0 (C:\Users\koosh\helios-cli\crates\harness_discoverer)
    Checking harness_teammates v0.2.1 (C:\Users\koosh\helios-cli\crates\harness_teammates)
    Checking harness_runner v0.2.1 (C:\Users\koosh\helios-cli\crates\harness_runner)
    Checking toml_edit v0.22.27
    Checking idna_adapter v1.2.2
    Checking harness_schema v0.2.1 (C:\Users\koosh\helios-cli\crates\harness_schema)
    Checking harness_cache v0.3.0 (C:\Users\koosh\helios-cli\crates\harness_cache)
    Checking harness_normalizer v0.1.0 (C:\Users\koosh\helios-cli\crates\harness_normalizer)
    Checking harness_queue v0.2.1 (C:\Users\koosh\helios-cli\crates\harness_queue)
    Checking harness_utils v0.2.1 (C:\Users\koosh\helios-cli\crates\harness_utils)
    Checking idna v1.1.0
    Checking arch_test v0.1.0 (C:\Users\koosh\helios-cli\crates\arch_test)
    Checking harness_interfaces v0.1.0 (C:\Users\koosh\helios-cli\crates\harness_interfaces)
    Checking harness_scaling v0.2.1 (C:\Users\koosh\helios-cli\crates\harness_scaling)
    Checking url v2.5.8
    Checking image v0.24.9
    Checking toml v0.8.23
    Checking helios_config v0.2.1 (C:\Users\koosh\helios-cli\crates\helios_config)
    Checking rstest v0.18.2
    Checking kla v0.1.0 (C:\Users\koosh\helios-cli\crates\harness_recorder)
    Checking git2 v0.20.4
    Checking harness_checkpoint v0.2.1 (C:\Users\koosh\helios-cli\crates\harness_checkpoint)
    Checking harness_rollback v0.2.1 (C:\Users\koosh\helios-cli\crates\harness_rollback)
    Checking harness_orchestrator v0.1.0 (C:\Users\koosh\helios-cli\crates\harness_orchestrator)
    Finished `dev` profile [unoptimized + debuginfo] target(s) in 2m 34s
