    Blocking waiting for file lock on package cache
   Compiling proc-macro2 v1.0.106
   Compiling unicode-ident v1.0.24
   Compiling quote v1.0.46
    Checking cfg-if v1.0.4
    Checking windows-link v0.2.1
    Checking pin-project-lite v0.2.17
    Checking once_cell v1.21.4
   Compiling serde_core v1.0.228
   Compiling autocfg v1.5.1
    Checking smallvec v1.15.2
    Checking memchr v2.8.3
   Compiling serde v1.0.228
   Compiling getrandom v0.4.3
   Compiling parking_lot_core v0.9.12
    Checking scopeguard v1.2.0
    Checking regex-syntax v0.8.11
    Checking lock_api v0.4.14
    Checking bytes v1.12.1
    Checking tracing-core v0.1.36
    Checking itoa v1.0.18
    Checking aho-corasick v1.1.4
    Checking windows-sys v0.61.2
    Checking bitflags v2.13.1
   Compiling num-traits v0.2.19
    Checking equivalent v1.0.2
   Compiling zmij v1.0.23
   Compiling serde_json v1.0.150
   Compiling thiserror v1.0.69
   Compiling crossbeam-utils v0.8.22
   Compiling shlex v2.0.1
   Compiling libc v0.2.186
   Compiling find-msvc-tools v0.1.9
    Checking regex-automata v0.4.16
   Compiling zerocopy v0.8.54
    Checking hashbrown v0.17.1
    Checking parking_lot v0.12.5
    Checking futures-core v0.3.32
    Checking stable_deref_trait v1.2.1
   Compiling jobserver v0.1.35
    Checking ryu v1.0.23
    Checking arrayvec v0.7.8
    Checking indexmap v2.14.0
    Checking unsafe-libyaml v0.2.11
    Checking socket2 v0.6.5
   Compiling syn v2.0.119
    Checking mio v1.2.2
   Compiling cc v1.2.67
   Compiling thiserror v2.0.18
    Checking uuid v1.24.0
    Checking fastrand v2.4.1
   Compiling crossbeam-epoch v0.9.20
   Compiling winapi v0.3.9
   Compiling pkg-config v0.3.33
   Compiling crossbeam-deque v0.8.7
    Checking simd-adler32 v0.3.10
    Checking regex v1.13.1
    Checking log v0.4.33
   Compiling vcpkg v0.2.15
   Compiling rayon-core v1.13.0
    Checking tempfile v3.27.0
   Compiling rust_decimal v1.42.1
    Checking writeable v0.6.3
    Checking litemap v0.8.2
    Checking futures-sink v0.3.32
    Checking utf8_iter v1.0.4
    Checking futures-task v0.3.32
    Checking futures-io v0.3.32
    Checking utf8parse v0.2.2
    Checking either v1.16.0
   Compiling icu_properties_data v2.2.0
    Checking adler2 v2.0.1
    Checking futures-channel v0.3.32
   Compiling crc32fast v1.5.0
    Checking slab v0.4.12
   Compiling icu_normalizer_data v2.2.0
   Compiling getrandom v0.3.4
    Checking miniz_oxide v0.8.9
    Checking once_cell_polyfill v1.70.2
    Checking anstyle v1.0.14
    Checking bytemuck v1.25.1
    Checking anstyle-parse v1.0.0
    Checking winapi-util v0.1.11
   Compiling synstructure v0.13.2
    Checking anstyle-query v1.1.5
   Compiling libz-sys v1.1.29
   Compiling libssh2-sys v0.3.2
    Checking colorchoice v1.0.5
    Checking is_terminal_polyfill v1.70.2
    Checking anstyle-wincon v3.0.11
    Checking same-file v1.0.6
   Compiling libgit2-sys v0.18.5+1.9.4
    Checking fdeflate v0.3.7
    Checking percent-encoding v2.3.2
   Compiling version_check v0.9.5
   Compiling heck v0.5.0
    Checking anstream v1.0.0
    Checking rayon v1.12.0
   Compiling libm v0.2.16
    Checking strsim v0.11.1
    Checking clap_lex v1.1.0
   Compiling paste v1.0.15
    Checking form_urlencoded v1.2.2
    Checking walkdir v2.5.0
   Compiling memoffset v0.6.5
   Compiling anyhow v1.0.103
   Compiling pulp v0.22.3
    Checking weezl v0.1.12
    Checking bitflags v1.3.2
    Checking flate2 v1.1.9
    Checking lazy_static v1.5.0
    Checking crossterm_winapi v0.9.1
    Checking clap_builder v4.6.2
    Checking num-complex v0.4.6
   Compiling serde_derive v1.0.228
   Compiling tracing-attributes v0.1.31
   Compiling tokio-macros v2.7.1
   Compiling thiserror-impl v1.0.69
   Compiling zerocopy-derive v0.8.54
   Compiling zerofrom-derive v0.1.7
   Compiling yoke-derive v0.8.2
   Compiling zerovec-derive v0.11.3
   Compiling thiserror-impl v2.0.18
   Compiling displaydoc v0.2.6
   Compiling futures-macro v0.3.32
   Compiling async-trait v0.1.89
    Checking rand_core v0.9.5
   Compiling clap_derive v4.6.1
    Checking tokio v1.53.0
    Checking futures-util v0.3.32
    Checking serial-core v0.4.0
    Checking zerofrom v0.1.8
    Checking concurrent-queue v2.5.0
    Checking raw-cpuid v11.6.0
    Checking zune-core v0.5.1
    Checking quick-error v1.2.3
    Checking color_quant v1.1.0
    Checking yoke v0.8.3
    Checking tracing v0.1.44
    Checking pulp-wasm-simd-flag v0.1.1
    Checking fnv v1.0.7
    Checking reborrow v0.5.5
    Checking wait-timeout v0.2.1
    Checking clap v4.6.2
   Compiling winreg v0.10.1
    Checking bit-vec v0.8.0
    Checking pxfm v0.1.30
    Checking parking v2.2.1
    Checking rusty-fork v0.3.1
    Checking zerovec v0.11.6
    Checking zerotrie v0.2.4
    Checking zune-jpeg v0.5.15
    Checking event-listener v5.4.1
    Checking bit-set v0.8.0
    Checking serde_yaml v0.9.34+deprecated
    Checking chrono v0.4.45
    Checking tokio-stream v0.1.18
    Checking serial-windows v0.4.0
    Checking rand_xorshift v0.4.0
    Checking rand v0.9.5
    Checking jpeg-decoder v0.3.2
    Checking futures-executor v0.3.32
    Checking png v0.18.1
    Checking zune-inflate v0.2.54
   Compiling vte_generate_state_changes v0.1.2
    Checking tinystr v0.8.3
    Checking potential_utf v0.1.5
    Checking tokio-test v0.4.5
    Checking futures v0.3.32
    Checking unarray v0.1.4
    Checking byteorder-lite v0.1.0
    Checking bit_field v0.10.3
    Checking icu_collections v2.2.0
    Checking icu_locale_core v2.2.0
    Checking moxcms v0.8.1
    Checking pin-utils v0.1.0
   Compiling portable-atomic v1.14.0
    Checking lebe v0.5.3
   Compiling semver v1.0.28
    Checking vte v0.11.1
    Checking tiff v0.9.1
    Checking nix v0.25.1
    Checking harness_spec v0.2.1 (C:\Users\koosh\helios-cli\crates\harness_spec)
    Checking serial v0.4.0
    Checking event-listener-strategy v0.5.4
   Compiling rustc_version v0.4.1
    Checking gif v0.13.3
    Checking filedescriptor v0.8.3
    Checking png v0.17.16
    Checking shared_library v0.1.9
    Checking sharded-slab v0.1.7
    Checking crossterm v0.28.1
    Checking icu_provider v2.2.0
    Checking qoi v0.4.1
   Compiling alloca v0.4.0
    Checking tracing-log v0.2.0
    Checking matchers v0.2.0
    Checking nu-ansi-term v0.50.3
    Checking thread_local v1.1.10
    Checking unicode-width v0.2.2
    Checking byteorder v1.5.0
    Checking unicode-width v0.1.14
    Checking plotters-backend v0.3.7
    Checking icu_properties v2.2.0
    Checking half v2.7.1
    Checking icu_normalizer v2.2.0
    Checking ppv-lite86 v0.2.21
    Checking base64 v0.22.1
    Checking downcast-rs v1.2.1
    Checking ciborium-io v0.2.2
    Checking shell-words v1.1.1
    Checking unicode-segmentation v1.13.3
    Checking exr v1.74.2
    Checking tracing-subscriber v0.3.23
    Checking vt100 v0.15.2
    Checking plotters-svg v0.3.7
    Checking rand_chacha v0.9.0
    Checking ciborium-ll v0.2.2
    Checking portable-pty v0.8.1
   Compiling rstest_macros v0.18.2
    Checking async-lock v3.4.2
    Checking idna_adapter v1.2.2
    Checking toml_datetime v0.6.11
    Checking serde_spanned v0.6.9
    Checking image v0.25.10
    Checking proptest v1.11.0
    Checking idna v1.1.0
    Checking gif v0.12.0
    Checking crossterm v0.27.0
    Checking itertools v0.13.0
    Checking crossbeam-channel v0.5.16
    Checking toml_write v0.1.2
    Checking tagptr v0.2.0
    Checking cast v0.3.0
    Checking url v2.5.8
    Checking winnow v0.7.15
    Checking plotters v0.3.7
    Checking moka v0.12.15
    Checking image v0.24.9
    Checking ciborium v0.2.2
    Checking tinytemplate v1.2.1
    Checking page_size v0.6.0
   Compiling glob v0.3.3
    Checking anes v0.1.6
    Checking criterion-plot v0.8.2
    Checking rck-core v0.1.0 (https://github.com/KooshaPari/rich-cli-kit?rev=4db13bcd7ab1ed1c8113cf755178da418ae6a519#4db13bcd)
   Compiling relative-path v1.9.3
    Checking oorandom v11.1.5
    Checking harness_verify v0.2.1 (C:\Users\koosh\helios-cli\crates\harness_verify)
    Checking pheno-plugin v0.1.0 (C:\Users\koosh\helios-cli\crates\pheno-plugin)
    Checking toml_edit v0.22.27
    Checking futures-timer v3.0.4
    Checking harness_elicitation v0.1.0 (C:\Users\koosh\helios-cli\crates\harness_elicitation)
    Checking criterion v0.8.2
    Checking plugin-arch v0.1.0 (C:\Users\koosh\helios-cli\crates\plugin-arch)
    Checking harness_teammates v0.2.1 (C:\Users\koosh\helios-cli\crates\harness_teammates)
    Checking harness_runner v0.2.1 (C:\Users\koosh\helios-cli\crates\harness_runner)
    Checking harness_discoverer v0.1.0 (C:\Users\koosh\helios-cli\crates\harness_discoverer)
    Checking harness_schema v0.2.1 (C:\Users\koosh\helios-cli\crates\harness_schema)
    Checking harness_utils v0.2.1 (C:\Users\koosh\helios-cli\crates\harness_utils)
    Checking harness_normalizer v0.1.0 (C:\Users\koosh\helios-cli\crates\harness_normalizer)
    Checking harness_cache v0.3.0 (C:\Users\koosh\helios-cli\crates\harness_cache)
    Checking kla v0.1.0 (C:\Users\koosh\helios-cli\crates\harness_recorder)
    Checking arch_test v0.1.0 (C:\Users\koosh\helios-cli\crates\arch_test)
    Checking toml v0.8.23
    Checking harness_queue v0.2.1 (C:\Users\koosh\helios-cli\crates\harness_queue)
    Checking harness_interfaces v0.1.0 (C:\Users\koosh\helios-cli\crates\harness_interfaces)
    Checking harness_scaling v0.2.1 (C:\Users\koosh\helios-cli\crates\harness_scaling)
    Checking helios_config v0.2.1 (C:\Users\koosh\helios-cli\crates\helios_config)
    Checking rstest v0.18.2
    Checking git2 v0.20.4
    Checking harness_checkpoint v0.2.1 (C:\Users\koosh\helios-cli\crates\harness_checkpoint)
    Checking harness_orchestrator v0.1.0 (C:\Users\koosh\helios-cli\crates\harness_orchestrator)
    Checking harness_rollback v0.2.1 (C:\Users\koosh\helios-cli\crates\harness_rollback)
    Finished `dev` profile [unoptimized + debuginfo] target(s) in 3m 05s
